\BOOKMARK [1][-]{section.1}{\376\377\000I\000n\000t\000r\000o\000d\000u\000c\000t\000i\000o\000n\000\040\000a\000n\000d\000\040\000M\000o\000t\000i\000v\000a\000t\000i\000o\000n}{}% 1
\BOOKMARK [1][-]{section.2}{\376\377\000P\000r\000o\000b\000l\000e\000m\000\040\000D\000e\000f\000i\000n\000i\000t\000i\000o\000n}{}% 2
\BOOKMARK [1][-]{section.3}{\376\377\000O\000b\000j\000e\000c\000t\000i\000v\000e\000s\000\040\000a\000n\000d\000\040\000D\000e\000l\000i\000v\000e\000r\000a\000b\000l\000e\000s}{}% 3
\BOOKMARK [1][-]{section.4}{\376\377\000M\000e\000t\000h\000o\000d\000o\000l\000o\000g\000y}{}% 4
\BOOKMARK [2][-]{subsection.4.1}{\376\377\000M\000a\000p\000\040\000G\000e\000n\000e\000r\000a\000t\000i\000o\000n\000\040\000v\000i\000a\000\040\000M\000e\000t\000r\000o\000p\000o\000l\000i\000s\040\023\000H\000a\000s\000t\000i\000n\000g\000s}{section.4}% 5
\BOOKMARK [2][-]{subsection.4.2}{\376\377\000E\000n\000e\000r\000g\000y\000\040\000F\000u\000n\000c\000t\000i\000o\000n}{section.4}% 6
\BOOKMARK [3][-]{subsubsection.4.2.1}{\376\377\000P\000a\000t\000h\000\040\000T\000e\000r\000m}{subsection.4.2}% 7
\BOOKMARK [3][-]{subsubsection.4.2.2}{\376\377\000M\000o\000n\000s\000t\000e\000r\000\040\000T\000e\000r\000m}{subsection.4.2}% 8
\BOOKMARK [3][-]{subsubsection.4.2.3}{\376\377\000R\000e\000s\000o\000u\000r\000c\000e\000\040\000T\000e\000r\000m}{subsection.4.2}% 9
\BOOKMARK [3][-]{subsubsection.4.2.4}{\376\377\000K\000e\000y\000-\000D\000o\000o\000r\000\040\000T\000e\000r\000m}{subsection.4.2}% 10
\BOOKMARK [3][-]{subsubsection.4.2.5}{\376\377\000E\000x\000p\000l\000o\000r\000a\000t\000i\000o\000n\000\040\000T\000e\000r\000m}{subsection.4.2}% 11
\BOOKMARK [3][-]{subsubsection.4.2.6}{\376\377\000D\000i\000f\000f\000i\000c\000u\000l\000t\000y\000\040\000T\000e\000r\000m}{subsection.4.2}% 12
\BOOKMARK [2][-]{subsection.4.3}{\376\377\000H\000a\000r\000d\000\040\000C\000o\000n\000s\000t\000r\000a\000i\000n\000t\000s}{section.4}% 13
\BOOKMARK [3][-]{subsubsection.4.3.1}{\376\377\000H\000C\0001\000\040\040\024\000\040\000F\000u\000l\000l\000\040\000C\000o\000n\000n\000e\000c\000t\000i\000v\000i\000t\000y}{subsection.4.3}% 14
\BOOKMARK [3][-]{subsubsection.4.3.2}{\376\377\000H\000C\0002\000\040\040\024\000\040\000O\000n\000e\000-\000C\000e\000l\000l\000-\000W\000i\000d\000e\000\040\000M\000a\000z\000e\000\040\000S\000t\000r\000u\000c\000t\000u\000r\000e}{subsection.4.3}% 15
\BOOKMARK [3][-]{subsubsection.4.3.3}{\376\377\000H\000C\0003\000\040\040\024\000\040\000R\000e\000s\000o\000u\000r\000c\000e\000-\000A\000w\000a\000r\000e\000\040\000S\000o\000l\000v\000a\000b\000i\000l\000i\000t\000y}{subsection.4.3}% 16
\BOOKMARK [3][-]{subsubsection.4.3.4}{\376\377\000H\000C\0004\000\040\040\024\000\040\000T\000i\000e\000r\000-\000D\000e\000p\000e\000n\000d\000e\000n\000t\000\040\000M\000i\000n\000i\000m\000u\000m\000\040\000R\000e\000s\000o\000u\000r\000c\000e\000\040\000M\000a\000r\000g\000i\000n}{subsection.4.3}% 17
\BOOKMARK [2][-]{subsection.4.4}{\376\377\000R\000e\000s\000o\000u\000r\000c\000e\000-\000A\000w\000a\000r\000e\000\040\000S\000o\000l\000v\000e\000r}{section.4}% 18
\BOOKMARK [2][-]{subsection.4.5}{\376\377\000M\000o\000n\000t\000e\000\040\000C\000a\000r\000l\000o\000\040\000A\000g\000e\000n\000t\000\040\000S\000i\000m\000u\000l\000a\000t\000i\000o\000n}{section.4}% 19
\BOOKMARK [2][-]{subsection.4.6}{\376\377\000D\000i\000f\000f\000i\000c\000u\000l\000t\000y\000\040\000T\000i\000e\000r\000s}{section.4}% 20
\BOOKMARK [2][-]{subsection.4.7}{\376\377\000C\000o\000m\000p\000u\000t\000a\000t\000i\000o\000n\000a\000l\000\040\000C\000o\000n\000s\000i\000d\000e\000r\000a\000t\000i\000o\000n\000s}{section.4}% 21
\BOOKMARK [2][-]{subsection.4.8}{\376\377\000I\000m\000p\000o\000r\000t\000a\000n\000c\000e\000\040\000S\000a\000m\000p\000l\000i\000n\000g\000\040\000f\000o\000r\000\040\000E\000x\000t\000r\000e\000m\000e\000\040\000D\000i\000f\000f\000i\000c\000u\000l\000t\000y\000\040\000T\000i\000e\000r\000s}{section.4}% 22
\BOOKMARK [1][-]{section.5}{\376\377\000E\000v\000a\000l\000u\000a\000t\000i\000o\000n\000\040\000P\000l\000a\000n}{}% 23
\BOOKMARK [2][-]{subsection.5.1}{\376\377\000G\000e\000n\000e\000r\000a\000t\000e\000d\000\040\000M\000a\000p\000\040\000G\000a\000l\000l\000e\000r\000y}{section.5}% 24
\BOOKMARK [2][-]{subsection.5.2}{\376\377\000D\000i\000f\000f\000i\000c\000u\000l\000t\000y\000\040\000C\000a\000l\000i\000b\000r\000a\000t\000i\000o\000n}{section.5}% 25
\BOOKMARK [2][-]{subsection.5.3}{\376\377\000M\000C\000M\000C\000\040\000D\000i\000a\000g\000n\000o\000s\000t\000i\000c\000s}{section.5}% 26
\BOOKMARK [2][-]{subsection.5.4}{\376\377\000A\000g\000e\000n\000t\000\040\000F\000a\000i\000l\000u\000r\000e\000\040\000A\000n\000a\000l\000y\000s\000i\000s}{section.5}% 27
\BOOKMARK [1][-]{section.6}{\376\377\000E\000x\000p\000e\000c\000t\000e\000d\000\040\000O\000u\000t\000c\000o\000m\000e}{}% 28
\BOOKMARK [1][-]{section.7}{\376\377\000C\000o\000n\000c\000l\000u\000s\000i\000o\000n}{}% 29
